// Jest Snapshot v1, https://goo.gl/fbAQLP

exports[`render AudioPlayer renders AudioPlayer 1`] = `
Array [
  <button
    aria-label="Play"
    className="track__button track__button--play"
    disabled={true}
    onClick={[Function]}
    type="button"
  />,
  <div
    className="track__status"
  >
    <audio />
  </div>,
]
`;
